// Jest Snapshot v1, https://goo.gl/fbAQLP

exports[`AllTrip changes the class when onClick 1`] = `
<li
  className="triping"
>
  <div
    onClick={[Function]}
  >
    <ul>
      <li>
        aaa
      </li>
      <li>
        2018/10/31 - 2018/11/20
      </li>
      <li>
        <div />
      </li>
    </ul>
  </div>
</li>
`;
